// Jest Snapshot v1, https://goo.gl/fbAQLP

exports[`ActionEnvironmentSecretStack Should match snapshot 1`] = `
Object {
  "Parameters": Object {
    "BootstrapVersion": Object {
      "Default": "/cdk-bootstrap/hnb659fds/version",
      "Description": "Version of the CDK Bootstrap resources in this environment, automatically retrieved from SSM Parameter Store. [cdk:skip]",
      "Type": "AWS::SSM::Parameter::Value<String>",
    },
  },
  "Resources": Object {
    "ActionEnvironmentSecretCustomResource643483CC": Object {
      "DeletionPolicy": "Delete",
      "Properties": Object {
        "ServiceToken": Object {
          "Fn::GetAtt": Array [
            "ActionEnvironmentSecretCustomResourceProviderframeworkonEventC568FAD2",
            "Arn",
          ],
        },
        "actionSecretName": "A_RANDOM_TEST_GITHUB_ENVIRONMENT_SECRET",
        "awsRegion": Object {
          "Ref": "AWS::Region",
        },
        "environment": "dev",
        "githubTokenSecret": "{\\"type\\":\\"SECRETS_MANAGER\\",\\"id\\":\\"GITHUB_TOKEN\\"}",
        "repositoryName": "cdk-github",
        "sourceSecret": "{\\"type\\":\\"SECRETS_MANAGER\\",\\"id\\":\\"testcdkgithub\\"}",
      },
      "Type": "Custom::GitHubActionEnvironmentSecret",
      "UpdateReplacePolicy": "Delete",
    },
    "ActionEnvironmentSecretCustomResourceHandlerF0650859": Object {
      "DependsOn": Array [
        "ActionEnvironmentSecretCustomResourceHandlerServiceRoleDefaultPolicy3C2677E6",
        "ActionEnvironmentSecretCustomResourceHandlerServiceRole345B27AD",
      ],
      "Properties": Object {
        "Architectures": Array [
          "arm64",
        ],
        "Code": Object {
          "S3Bucket": Object {
            "Fn::Sub": "cdk-hnb659fds-assets-\${AWS::AccountId}-\${AWS::Region}",
          },
          "S3Key": "c1cb7d39a6c76588b12d68aeaaf6929315b4344d540bab67d1cfd0ce28b353f8.zip",
        },
        "Description": "Handles the creation/deletion of a GitHub Action environment secret - created by cdk-github",
        "Environment": Object {
          "Variables": Object {
            "AWS_NODEJS_CONNECTION_REUSE_ENABLED": "1",
          },
        },
        "FunctionName": "GitHubActionEnvironmentSecretCustomResourceHandler4D1E08D8",
        "Handler": "index.handler",
        "Role": Object {
          "Fn::GetAtt": Array [
            "ActionEnvironmentSecretCustomResourceHandlerServiceRole345B27AD",
            "Arn",
          ],
        },
        "Runtime": "nodejs16.x",
        "Timeout": 600,
      },
      "Type": "AWS::Lambda::Function",
    },
    "ActionEnvironmentSecretCustomResourceHandlerServiceRole345B27AD": Object {
      "Properties": Object {
        "AssumeRolePolicyDocument": Object {
          "Statement": Array [
            Object {
              "Action": "sts:AssumeRole",
              "Effect": "Allow",
              "Principal": Object {
                "Service": "lambda.amazonaws.com",
              },
            },
          ],
          "Version": "2012-10-17",
        },
        "ManagedPolicyArns": Array [
          Object {
            "Fn::Join": Array [
              "",
              Array [
                "arn:",
                Object {
                  "Ref": "AWS::Partition",
                },
                ":iam::aws:policy/service-role/AWSLambdaBasicExecutionRole",
              ],
            ],
          },
        ],
      },
      "Type": "AWS::IAM::Role",
    },
    "ActionEnvironmentSecretCustomResourceHandlerServiceRoleDefaultPolicy3C2677E6": Object {
      "Properties": Object {
        "PolicyDocument": Object {
          "Statement": Array [
            Object {
              "Action": Array [
                "secretsmanager:GetSecretValue",
                "secretsmanager:DescribeSecret",
              ],
              "Effect": "Allow",
              "Resource": Object {
                "Fn::Join": Array [
                  "",
                  Array [
                    "arn:",
                    Object {
                      "Ref": "AWS::Partition",
                    },
                    ":secretsmanager:",
                    Object {
                      "Ref": "AWS::Region",
                    },
                    ":",
                    Object {
                      "Ref": "AWS::AccountId",
                    },
                    ":secret:GITHUB_TOKEN-??????",
                  ],
                ],
              },
            },
            Object {
              "Action": Array [
                "secretsmanager:GetSecretValue",
                "secretsmanager:DescribeSecret",
              ],
              "Effect": "Allow",
              "Resource": Object {
                "Fn::Join": Array [
                  "",
                  Array [
                    "arn:",
                    Object {
                      "Ref": "AWS::Partition",
                    },
                    ":secretsmanager:",
                    Object {
                      "Ref": "AWS::Region",
                    },
                    ":",
                    Object {
                      "Ref": "AWS::AccountId",
                    },
                    ":secret:testcdkgithub-??????",
                  ],
                ],
              },
            },
          ],
          "Version": "2012-10-17",
        },
        "PolicyName": "ActionEnvironmentSecretCustomResourceHandlerServiceRoleDefaultPolicy3C2677E6",
        "Roles": Array [
          Object {
            "Ref": "ActionEnvironmentSecretCustomResourceHandlerServiceRole345B27AD",
          },
        ],
      },
      "Type": "AWS::IAM::Policy",
    },
    "ActionEnvironmentSecretCustomResourceProviderframeworkonEventC568FAD2": Object {
      "DependsOn": Array [
        "ActionEnvironmentSecretCustomResourceProviderframeworkonEventServiceRoleDefaultPolicy1CEFB5E9",
        "ActionEnvironmentSecretCustomResourceProviderframeworkonEventServiceRole2CB8025E",
      ],
      "Properties": Object {
        "Code": Object {
          "S3Bucket": Object {
            "Fn::Sub": "cdk-hnb659fds-assets-\${AWS::AccountId}-\${AWS::Region}",
          },
          "S3Key": "eaeb69bc290b516fe3b049f89d6118b22249df682fbabf56af300cf345198574.zip",
        },
        "Description": "AWS CDK resource provider framework - onEvent (ActionEnvironmentSecretTestStack/ActionEnvironmentSecret/CustomResourceProvider)",
        "Environment": Object {
          "Variables": Object {
            "USER_ON_EVENT_FUNCTION_ARN": Object {
              "Fn::GetAtt": Array [
                "ActionEnvironmentSecretCustomResourceHandlerF0650859",
                "Arn",
              ],
            },
          },
        },
        "Handler": "framework.onEvent",
        "Role": Object {
          "Fn::GetAtt": Array [
            "ActionEnvironmentSecretCustomResourceProviderframeworkonEventServiceRole2CB8025E",
            "Arn",
          ],
        },
        "Runtime": "nodejs12.x",
        "Timeout": 900,
      },
      "Type": "AWS::Lambda::Function",
    },
    "ActionEnvironmentSecretCustomResourceProviderframeworkonEventLogRetention35A3B1AF": Object {
      "Properties": Object {
        "LogGroupName": Object {
          "Fn::Join": Array [
            "",
            Array [
              "/aws/lambda/",
              Object {
                "Ref": "ActionEnvironmentSecretCustomResourceProviderframeworkonEventC568FAD2",
              },
            ],
          ],
        },
        "RetentionInDays": 7,
        "ServiceToken": Object {
          "Fn::GetAtt": Array [
            "LogRetentionaae0aa3c5b4d4f87b02d85b201efdd8aFD4BFC8A",
            "Arn",
          ],
        },
      },
      "Type": "Custom::LogRetention",
    },
    "ActionEnvironmentSecretCustomResourceProviderframeworkonEventServiceRole2CB8025E": Object {
      "Properties": Object {
        "AssumeRolePolicyDocument": Object {
          "Statement": Array [
            Object {
              "Action": "sts:AssumeRole",
              "Effect": "Allow",
              "Principal": Object {
                "Service": "lambda.amazonaws.com",
              },
            },
          ],
          "Version": "2012-10-17",
        },
        "ManagedPolicyArns": Array [
          Object {
            "Fn::Join": Array [
              "",
              Array [
                "arn:",
                Object {
                  "Ref": "AWS::Partition",
                },
                ":iam::aws:policy/service-role/AWSLambdaBasicExecutionRole",
              ],
            ],
          },
        ],
      },
      "Type": "AWS::IAM::Role",
    },
    "ActionEnvironmentSecretCustomResourceProviderframeworkonEventServiceRoleDefaultPolicy1CEFB5E9": Object {
      "Properties": Object {
        "PolicyDocument": Object {
          "Statement": Array [
            Object {
              "Action": "lambda:InvokeFunction",
              "Effect": "Allow",
              "Resource": Array [
                Object {
                  "Fn::GetAtt": Array [
                    "ActionEnvironmentSecretCustomResourceHandlerF0650859",
                    "Arn",
                  ],
                },
                Object {
                  "Fn::Join": Array [
                    "",
                    Array [
                      Object {
                        "Fn::GetAtt": Array [
                          "ActionEnvironmentSecretCustomResourceHandlerF0650859",
                          "Arn",
                        ],
                      },
                      ":*",
                    ],
                  ],
                },
              ],
            },
          ],
          "Version": "2012-10-17",
        },
        "PolicyName": "ActionEnvironmentSecretCustomResourceProviderframeworkonEventServiceRoleDefaultPolicy1CEFB5E9",
        "Roles": Array [
          Object {
            "Ref": "ActionEnvironmentSecretCustomResourceProviderframeworkonEventServiceRole2CB8025E",
          },
        ],
      },
      "Type": "AWS::IAM::Policy",
    },
    "LogRetentionaae0aa3c5b4d4f87b02d85b201efdd8aFD4BFC8A": Object {
      "DependsOn": Array [
        "LogRetentionaae0aa3c5b4d4f87b02d85b201efdd8aServiceRoleDefaultPolicyADDA7DEB",
        "LogRetentionaae0aa3c5b4d4f87b02d85b201efdd8aServiceRole9741ECFB",
      ],
      "Properties": Object {
        "Code": Object {
          "S3Bucket": Object {
            "Fn::Sub": "cdk-hnb659fds-assets-\${AWS::AccountId}-\${AWS::Region}",
          },
          "S3Key": "e5032a7ed03a7762b99560439c17f58d046a35d40ebf64ba70c63157df388563.zip",
        },
        "Handler": "index.handler",
        "Role": Object {
          "Fn::GetAtt": Array [
            "LogRetentionaae0aa3c5b4d4f87b02d85b201efdd8aServiceRole9741ECFB",
            "Arn",
          ],
        },
        "Runtime": "nodejs14.x",
      },
      "Type": "AWS::Lambda::Function",
    },
    "LogRetentionaae0aa3c5b4d4f87b02d85b201efdd8aServiceRole9741ECFB": Object {
      "Properties": Object {
        "AssumeRolePolicyDocument": Object {
          "Statement": Array [
            Object {
              "Action": "sts:AssumeRole",
              "Effect": "Allow",
              "Principal": Object {
                "Service": "lambda.amazonaws.com",
              },
            },
          ],
          "Version": "2012-10-17",
        },
        "ManagedPolicyArns": Array [
          Object {
            "Fn::Join": Array [
              "",
              Array [
                "arn:",
                Object {
                  "Ref": "AWS::Partition",
                },
                ":iam::aws:policy/service-role/AWSLambdaBasicExecutionRole",
              ],
            ],
          },
        ],
      },
      "Type": "AWS::IAM::Role",
    },
    "LogRetentionaae0aa3c5b4d4f87b02d85b201efdd8aServiceRoleDefaultPolicyADDA7DEB": Object {
      "Properties": Object {
        "PolicyDocument": Object {
          "Statement": Array [
            Object {
              "Action": Array [
                "logs:PutRetentionPolicy",
                "logs:DeleteRetentionPolicy",
              ],
              "Effect": "Allow",
              "Resource": "*",
            },
          ],
          "Version": "2012-10-17",
        },
        "PolicyName": "LogRetentionaae0aa3c5b4d4f87b02d85b201efdd8aServiceRoleDefaultPolicyADDA7DEB",
        "Roles": Array [
          Object {
            "Ref": "LogRetentionaae0aa3c5b4d4f87b02d85b201efdd8aServiceRole9741ECFB",
          },
        ],
      },
      "Type": "AWS::IAM::Policy",
    },
  },
  "Rules": Object {
    "CheckBootstrapVersion": Object {
      "Assertions": Array [
        Object {
          "Assert": Object {
            "Fn::Not": Array [
              Object {
                "Fn::Contains": Array [
                  Array [
                    "1",
                    "2",
                    "3",
                    "4",
                    "5",
                  ],
                  Object {
                    "Ref": "BootstrapVersion",
                  },
                ],
              },
            ],
          },
          "AssertDescription": "CDK bootstrap stack version 6 required. Please run 'cdk bootstrap' with a recent version of the CDK CLI.",
        },
      ],
    },
  },
}
`;
